ip.ro, 1
adf.ly, 1
ads.cc, 1
cj.com, 1
cpx.to, 1
dsp.io, 1
e-m.fr, 1
hit.bg, 1
hit.ua, 1
lbn.ru, 1
m4n.nl, 1
m6r.eu, 1
mlm.de, 1
naj.sk, 1
ntv.io, 1
rle.ru, 1
vrs.cz, 1
207.net, 1
2o7.net, 1
4d5.net, 1
abz.com, 1
adap.tv, 1
adk2.co, 1
bidr.io, 1
edaa.eu, 1
erne.co, 1
ioam.de, 1
iqm.com, 1
itop.cz, 1
lop.com, 1
n69.com, 1
nugg.ad, 1
oewa.at, 1
rate.ru, 1
ru4.com, 1
stat.pl, 1
tfag.de, 1
xq1.net, 1
z5x.net, 1
24log.de, 1
2mdn.net, 1
5mcwl.pw, 1
600z.com, 1
ad.wz.cz, 1
adapt.tv, 1
adk2.com, 1
adman.gr, 1
adnet.de, 1
adnet.ru, 1
adpia.vn, 1
ads8.com, 1
adsk2.co, 1
affec.tv, 1
agkn.com, 1
amung.us, 1
augur.io, 1
bebi.com, 1
begun.ru, 1
berp.com, 1
cbsi.com, 1
chart.dk, 1
deloo.de, 1
e.kde.cz, 1
eusta.de, 1
evyy.net, 1
h78xb.pw, 1
heap.com, 1
ip193.cn, 1
ipro.com, 1
kliks.nl, 1
lkqd.com, 1
lzjl.com, 1
mbuyu.nl, 1
mgid.com, 1
nend.net, 1
novem.pl, 1
ns1p.net, 1
ntvk1.ru, 1
o0bc.com, 1
onthe.io, 1
owlsr.us, 1
pbnet.ru, 1
props.id, 1
qnsr.com, 1
roar.com, 1
roia.biz, 1
roxr.net, 1
s2d6.com, 1
sumo.com, 1
teads.tv, 1
top90.ro, 1
trix.net, 1
turn.com, 1
twyn.com, 1
tynt.com, 1
untd.com, 1
vpon.com, 1
w55c.net, 1
xiti.com, 1
yadro.ru, 1
zedo.com, 1
zlp6s.pw, 1
zqtk.net, 1
24log.com, 1
3lift.com, 1
4info.com, 1
518ad.com, 1
51yes.com, 1
a-ads.com, 1
a.ucoz.ru, 1
ac.rnm.ca, 1
ad-pay.de, 1
ad-up.com, 1
ad.71i.de, 1
ad.a8.net, 1
ad.cgi.cz, 1
ad.hbv.de, 1
ad.mgd.de, 1
ad.nwt.cz, 1
ad.prv.pl, 1
ad.tbn.ru, 1
ad.tv2.no, 1
ad.way.cz, 1
ad4mat.de, 1
adbot.com, 1
adbrn.com, 1
adcell.de, 1
addme.com, 1
adecn.com, 1
adhese.be, 1
adjix.com, 1
adjug.com, 1
adland.ru, 1
admex.com, 1
admob.com, 1
adnet.biz, 1
adnxs.com, 1
adrta.com, 1
ads.o2.pl, 1
adsend.de, 1
adsfac.eu, 1
adsfac.us, 1
adtech.de, 1
adv.wp.pl, 1
adv.yo.cz, 1
advnt.com, 1
adworx.at, 1
adworx.be, 1
adworx.nl, 1
adyea.com, 1
ah-ha.com, 1
apusx.com, 1
atdmt.com, 1
avocet.io, 1
awin1.com, 1
b-1st.com, 1
banner.cz, 1
bpath.com, 1
branch.io, 1
btez8.xyz, 1
cetrk.com, 1
cjlog.com, 1
cnomy.com, 1
cpays.com, 1
de17a.com, 1
eclick.vn, 1
eqads.com, 1
estat.com, 1
ezula.com, 1
f5biz.com, 1
fqtag.com, 1
frtyj.com, 1
gmads.net, 1
heias.com, 1
heyos.com, 1
hgads.com, 1
hitiz.com, 1
hotlog.ru, 1
i1img.com, 1
inclk.com, 1
ivwbox.de, 1
kargo.com, 1
keywee.co, 1
liadm.com, 1
lijit.com, 1
logua.com, 1
lytics.io, 1
m.trb.com, 1
m32.media, 1
mdotm.com, 1
media.net, 1
ml314.com, 1
mmtro.com, 1
mopub.com, 1
mpstat.us, 1
mtree.com, 1
mystat.pl, 1
nbjmp.com, 1
nzaza.com, 1
optmd.com, 1
oxado.com, 1
popub.com, 1
qctop.com, 1
remox.com, 1
rlcdn.com, 1
serv0.com, 1
simpli.fi, 1
sinoa.com, 1
takru.com, 1
tapad.com, 1
targad.de, 1
tcads.net, 1
tdxio.com, 1
teliad.de, 1
theads.me, 1
top123.ro, 1
trafic.ro, 1
trmit.com, 1
tyroo.com, 1
vtracy.de, 1
warlog.ru, 1
webads.nl, 1
whenu.com, 1
yldbt.com, 1
zanox.com, 1
zm232.com, 1
adsnxs.com, 1
101com.com, 1
180hits.de, 1
a.mktw.net, 1
a.sakh.com, 1
a.ucoz.net, 1
abacho.net, 1
ad.clix.pt, 1
ad.lupa.cz, 1
ad.wavu.hu, 1
ad1.kde.cz, 1
ad4mat.com, 1
ad4mat.net, 1
adbard.net, 1
adcash.com, 1
adcept.net, 1
adform.com, 1
adform.net, 1
adgoto.com, 1
adhese.com, 1
adhoc4.net, 1
adisfy.com, 1
adition.de, 1
adizio.com, 1
adloox.com, 1
adlure.net, 1
admeld.com, 1
admeta.com, 1
adocean.pl, 1
adriver.ru, 1
ads.5ci.lt, 1
ads.cbc.ca, 1
ads.co.com, 1
ads.ft.com, 1
ads.hbv.de, 1
ads.nj.com, 1
ads.nyx.cz, 1
ads.rcs.it, 1
ads.web.de, 1
ads180.com, 1
adscale.de, 1
adscpm.com, 1
adsdaq.com, 1
adsfac.net, 1
adside.com, 1
adsrvr.org, 1
adstage.io, 1
adthis.com, 1
adtiger.de, 1
adtoll.com, 1
adtoma.com, 1
adtrak.net, 1
adviva.net, 1
adzerk.net, 1
affili.net, 1
aistat.net, 1
alenty.com, 1
apture.com, 1
atwola.com, 1
avsads.com, 1
bannery.cz, 1
belstat.nl, 1
bitads.net, 1
boudja.com, 1
carambo.la, 1
cecash.com, 1
claria.com, 1
clickz.com, 1
clkrev.com, 1
clrstm.com, 1
contaxe.de, 1
content.ad, 1
cooster.ru, 1
counter.cz, 1
criteo.com, 1
cubics.com, 1
cxense.com, 1
danban.com, 1
dapper.net, 1
dbbsrv.com, 1
demdex.net, 1
domdex.com, 1
dyntrk.com, 1
edgeio.com, 1
emerse.com, 1
emetriq.de, 1
etahub.com, 1
exit76.com, 1
exosrv.com, 1
eyeota.net, 1
flowgo.com, 1
flurry.com, 1
globe7.com, 1
go-rank.de, 1
gunggo.com, 1
hitbox.com, 1
hitlist.ru, 1
hotjar.com, 1
i1media.no, 1
imprese.cz, 1
inetlog.ru, 1
inmobi.com, 1
itfarm.com, 1
itsptp.com, 1
jcount.com, 1
jinkads.de, 1
joetec.net, 1
k.iinfo.cz, 1
knorex.com, 1
ligatus.de, 1
linkadd.de, 1
max.i12.de, 1
mmismm.com, 1
mmstat.com, 1
mr-rank.de, 1
mybuys.com, 1
mydas.mobi, 1
mzbcdn.net, 1
ndnops.com, 1
nedstat.nl, 1
netmng.com, 1
newbie.com, 1
nexage.com, 1
nuggad.net, 1
nuseek.com, 1
omtrdc.net, 1
oxcash.com, 1
peer39.com, 1
pheedo.com, 1
pippio.com, 1
plista.com, 1
popads.net, 1
potenza.cz, 1
pr-star.de, 1
proext.com, 1
ps7894.com, 1
quinst.com, 1
quisma.com, 1
reactx.com, 1
regnow.com, 1
revsci.net, 1
rtbpop.com, 1
rtmark.net, 1
runads.com, 1
rundsp.com, 1
sizmek.com, 1
skylink.vn, 1
snoobi.com, 1
sonobi.com, 1
spylog.com, 1
srwww1.com, 1
stat24.com, 1
sumome.com, 1
thebugs.ws, 1
throtle.io, 1
tizers.net, 1
toplist.cz, 1
topsir.com, 1
topsite.lv, 1
tpnads.com, 1
useriq.com, 1
veruta.com, 1
vidora.com, 1
vmmpxl.com, 1
vungle.com, 1
webcash.nl, 1
wetrack.it, 1
whispa.com, 1
widdit.com, 1
woopra.com, 1
wtlive.com, 1
xchange.ro, 1
xg4ken.com, 1
yabuka.com, 1
yepads.com, 1
yesads.com, 1
yoggrt.com, 1
zenzuu.com, 1
zmedia.com, 1
6ldu6qa.com, 1
7search.com, 1
99count.com, 1
a.xanga.com, 1
abc-ads.com, 1
ad-souk.com, 1
ad-tech.com, 1
ad.abum.com, 1
ad.bizo.com, 1
ad.hyena.cz, 1
ad.iinfo.cz, 1
ad.ilove.ch, 1
ad.turn.com, 1
ad.wsod.com, 1
ad.xrea.com, 1
ad.yadro.ru, 1
ad2.lupa.cz, 1
ad4game.com, 1
adaction.de, 1
adblade.com, 1
adboost.net, 1
adbooth.net, 1
adbrite.com, 1
adbroker.de, 1
adbuyer.com, 1
adclick.com, 1
adcycle.com, 1
adforce.com, 1
adhaven.com, 1
adition.com, 1
adition.net, 1
adledge.com, 1
admantx.com, 1
admedia.com, 1
admerize.be, 1
admized.com, 1
adnotch.com, 1
adotmob.com, 1
adpepper.dk, 1
adpepper.nl, 1
adplxmd.com, 1
adrazzi.com, 1
adrolays.de, 1
adrotate.de, 1
ads.alt.com, 1
ads.ask.com, 1
ads.com.com, 1
ads.dada.it, 1
ads.icq.com, 1
ads.ign.com, 1
ads.itv.com, 1
ads.msn.com, 1
ads.ncm.com, 1
ads.nyi.net, 1
ads.ole.com, 1
ads.pni.com, 1
ads.pof.com, 1
ads.sun.com, 1
ads.waps.cn, 1
ads.wapx.cn, 1
ads.wwe.biz, 1
ads.y-0.net, 1
adserver.pl, 1
adsklick.de, 1
adsmart.com, 1
adsmart.net, 1
adsmogo.com, 1
adspeed.net, 1
adspirit.de, 1
adsponse.de, 1
adsstat.com, 1
adswizz.com, 1
adtrace.org, 1
adtrade.net, 1
adwhirl.com, 1
adxpose.com, 1
adxprts.com, 1
adz2you.com, 1
adzones.com, 1
af-ad.co.uk, 1
ahalogy.com, 1
aidu-ads.de, 1
alclick.com, 1
all4spy.com, 1
alphonso.tv, 1
ar1nvz5.com, 1
are-ter.com, 1
autohits.dk, 1
avenuea.com, 1
awzbijw.com, 1
babs.tv2.dk, 1
baypops.com, 1
belstat.com, 1
best-top.ro, 1
bhcumsc.com, 1
bidclix.com, 1
bidclix.net, 1
bizrate.com, 1
blogads.com, 1
bluekai.com, 1
bombora.com, 1
boomads.com, 1
bttrack.com, 1
budsinc.com, 1
checkm8.com, 1
chitika.net, 1
clicktag.de, 1
clikerz.net, 1
clk1005.com, 1
clk1011.com, 1
clk1015.com, 1
clksite.com, 1
cognitiv.ai, 1
counted.com, 1
cp.abbp1.pw, 1
cpalead.com, 1
cpmstar.com, 1
d2cmedia.ca, 1
damdoor.com, 1
deloton.com, 1
dianomi.com, 1
dk4ywix.com, 1
dq95d35.com, 1
drydrum.com, 1
emediate.dk, 1
emediate.eu, 1
etracker.de, 1
exchange.bg, 1
exponea.com, 1
feedjit.com, 1
foresee.com, 1
freepay.com, 1
fxstyle.net, 1
ga87z2o.com, 1
gostats.com, 1
gtop100.com, 1
hfc195b.com, 1
histats.com, 1
hitfarm.com, 1
hits4me.com, 1
hittail.com, 1
hotkeys.com, 1
httpool.com, 1
ia.iinfo.cz, 1
iasds01.com, 1
iesnare.com, 1
indexww.com, 1
innovid.com, 1
intergi.com, 1
ireklama.cz, 1
j93557g.com, 1
jsecoin.com, 1
jumptap.com, 1
karonty.com, 1
keymedia.hu, 1
kindads.com, 1
komoona.com, 1
kontera.com, 1
ktu.sv2.biz, 1
layer-ad.de, 1
liftdna.com, 1
ligatus.com, 1
lwfjd.today, 1
marchex.com, 1
marketo.com, 1
mathtag.com, 1
megacash.de, 1
metrilo.com, 1
moatads.com, 1
mobclix.com, 1
mookie1.com, 1
mxptint.net, 1
nedstat.com, 1
neoffic.com, 1
netagent.cz, 1
oclasrv.com, 1
onestat.com, 1
openads.org, 1
optmstr.com, 1
owneriq.net, 1
parsely.com, 1
pay-ads.com, 1
pbterra.com, 1
pixel.watch, 1
popunder.ru, 1
praddpro.de, 1
profero.com, 1
r.scoota.co, 1
radiate.com, 1
rankyou.com, 1
revenue.net, 1
rockabox.co, 1
rok.com.com, 1
rtbpopd.com, 1
sexlist.com, 1
snapads.com, 1
spacash.com, 1
starffa.com, 1
statsie.com, 1
supertop.ru, 1
taboola.com, 1
tagular.com, 1
tealeaf.com, 1
temelio.com, 1
textads.biz, 1
theadex.com, 1
tidaltv.com, 1
tinybar.com, 1
top.list.ru, 1
top.mail.ru, 1
traffiq.com, 1
trendmd.com, 1
twittad.com, 1
urlcash.net, 1
v1.cnzz.com, 1
valuead.com, 1
visitbox.de, 1
waryfog.com, 1
webangel.ru, 1
weborama.fr, 1
webstat.com, 1
webstat.net, 1
webtraxx.de, 1
wondoads.de, 1
wt-eu02.net, 1
xclicks.net, 1
xertive.com, 1
xponsor.com, 1
y.ibsys.com, 1
yieldmo.com, 1
zemanta.com, 1
101order.com, 1
123found.com, 1
247media.com, 1
2znp09oa.com, 1
33across.com, 1
360yield.com, 1
7bpeople.com, 1
82o9v830.com, 1
ad-score.com, 1
ad-space.net, 1
ad.abctv.com, 1
ad.bnmla.com, 1
ad.cooks.com, 1
ad.gate24.ch, 1
ad.jamba.net, 1
ad.seznam.cz, 1
ad.zanox.com, 1
ad2.iinfo.cz, 1
ad2.xrea.com, 1
ad2flash.com, 1
ad3.iinfo.cz, 1
ad3.xrea.com, 1
adbunker.com, 1
adbutler.com, 1
adcenter.net, 1
adconion.com, 1
ademails.com, 1
adengage.com, 1
adexpose.com, 1
adflight.com, 1
adimpact.com, 1
adincube.com, 1
adlegend.com, 1
admagnet.net, 1
admarvel.com, 1
adminder.com, 1
adonspot.com, 1
adorigin.com, 1
adperium.com, 1
adplus.co.id, 1
adremedy.com, 1
adrotator.se, 1
ads.adfox.ru, 1
ads.bing.com, 1
ads.blog.com, 1
ads.bumq.com, 1
ads.canoe.ca, 1
ads.faxo.com, 1
ads.fool.com, 1
ads.goyk.com, 1
ads.infi.net, 1
ads.iwon.com, 1
ads.jubii.dk, 1
ads.nola.com, 1
ads.quoka.de, 1
ads.tmcs.net, 1
ads.yimg.com, 1
ads.ztod.com, 1
ads1.msn.com, 1
ads1.rne.com, 1
ads2.rne.com, 1
ads2.xnet.cz, 1
adscience.nl, 1
adserver.com, 1
adstat.4u.pl, 1
adsupply.com, 1
adtechjp.com, 1
adtechus.com, 1
adthrive.com, 1
adtology.com, 1
adxvalue.com, 1
adzbazar.com, 1
afterview.ru, 1
aheadday.com, 1
ak0gsh40.com, 1
alert.com.mt, 1
alipromo.com, 1
anahtars.com, 1
app.pendo.io, 1
arc1.msn.com, 1
as.webmd.com, 1
awempire.com, 1
banner.ad.nu, 1
bannerads.de, 1
bat.bing.com, 1
beamkite.com, 1
best-pr.info, 1
billboard.cz, 1
bn.bfast.com, 1
bs.yandex.ru, 1
c.bigmir.net, 1
calmfoot.com, 1
chameleon.ad, 1
checkstat.nl, 1
chewcoat.com, 1
clevernt.com, 1
clickadz.com, 1
clicklink.jp, 1
clicksor.com, 1
coinhive.com, 1
colonize.com, 1
comclick.com, 1
connatix.com, 1
count.rbc.ru, 1
count.rin.ru, 1
crazyegg.com, 1
credishe.com, 1
ctnetwork.hu, 1
d.adroll.com, 1
dc-storm.com, 1
domaining.in, 1
drabsize.com, 1
drumcash.com, 1
ebuzzing.com, 1
eclkmpbn.com, 1
eclkspbn.com, 1
ecoupons.com, 1
ejyymghi.com, 1
enlarget.com, 1
evergage.com, 1
exelator.com, 1
exitfuel.com, 1
exoclick.com, 1
fimserve.com, 1
foamybox.com, 1
freelogs.com, 1
freestats.tv, 1
galaxien.com, 1
getwisdom.io, 1
go-clicks.de, 1
hellobar.com, 1
hits.puls.lv, 1
hits4pay.com, 1
hitslink.com, 1
hoverowl.com, 1
i-clicks.net, 1
icptrack.com, 1
identads.com, 1
ilbanner.com, 1
interstat.hu, 1
ivykiosk.com, 1
jaizouji.com, 1
juicyads.com, 1
kanoodle.com, 1
kniverto.com, 1
layer-ads.de, 1
leadplace.fr, 1
leadzupc.com, 1
levelrate.de, 1
link4ads.com, 1
linkrain.com, 1
liverail.com, 1
loudloss.com, 1
lp3tdqle.com, 1
mediaarea.eu, 1
mfadsrvr.com, 1
mixpanel.com, 1
monetate.net, 1
mowfruit.com, 1
muwmedia.com, 1
mybestmv.com, 1
mycounter.ua, 1
mytop-in.net, 1
navigator.io, 1
navrcholu.cz, 1
netdirect.nl, 1
netincap.com, 1
omniture.com, 1
onclasrv.com, 1
onscroll.com, 1
optimost.com, 1
optnmstr.com, 1
ordingly.com, 1
outbrain.com, 1
overture.com, 1
owebmoney.ru, 1
pagefair.com, 1
pagefair.net, 1
paleleaf.com, 1
parketsy.pro, 1
paypopup.com, 1
payserve.com, 1
pennyweb.com, 1
pimproll.com, 1
plugrush.com, 1
popmyads.com, 1
provexia.com, 1
pub.chez.com, 1
pubmatic.com, 1
pushazer.com, 1
radarurl.com, 1
rankchamp.de, 1
realclix.com, 1
revstats.com, 1
ritzykey.com, 1
s.adroll.com, 1
scrubsky.com, 1
shakesea.com, 1
shinystat.it, 1
sitestat.com, 1
sortable.com, 1
spywords.com, 1
stats.x14.eu, 1
superclix.de, 1
tailsweep.se, 1
teethfan.com, 1
thruport.com, 1
tlvmedia.com, 1
topbucks.com, 1
topstats.com, 1
trafficz.com, 1
trafficz.net, 1
trekdata.com, 1
truehits.net, 1
turboadv.com, 1
uarating.com, 1
videoamp.com, 1
videoegg.com, 1
view4cash.de, 1
visistat.com, 1
wa.and.co.uk, 1
wantmobi.bid, 1
web-stat.com, 1
webads.co.nz, 1
webgains.com, 1
weborama.com, 1
webpower.com, 1
whaleads.com, 1
wisepops.com, 1
womanear.com, 1
www.dnps.com, 1
xplusone.com, 1
yieldads.com, 1
yieldlab.net, 1
zbwp6ghm.com, 1
zenkreka.com, 1
tremorhub.com, 1
4jnzhl0d0.com, 1
50websads.com, 1
a135.wftv.com, 1
acuityads.com, 1
ad-center.com, 1
ad.100.tbn.ru, 1
ad.allstar.cz, 1
ad.amgdgt.com, 1
ad.centrum.cz, 1
ad.flurry.com, 1
ad.globe7.com, 1
ad.grafika.cz, 1
ad.pandora.tv, 1
ad.rambler.ru, 1
ad2.linxcz.cz, 1
adadvisor.net, 1
adalliance.io, 1
adboost.de.vu, 1
adformdsp.net, 1
adimg.com.com, 1
adinterax.com, 1
adjuggler.com, 1
adlog.com.com, 1
adm.fwmrm.net, 1
adminshop.com, 1
admonitor.com, 1
adnetwork.net, 1
adpenguin.biz, 1
adprofile.net, 1
adreactor.com, 1
adreclaim.com, 1
adrecover.com, 1
ads-click.com, 1
ads.4tube.com, 1
ads.amdmb.com, 1
ads.aol.co.uk, 1
ads.apn.co.nz, 1
ads.avazu.net, 1
ads.cc-dt.com, 1
ads.dazoot.ro, 1
ads.deltha.hu, 1
ads.forium.de, 1
ads.gamigo.de, 1
ads.heias.com, 1
ads.img.co.za, 1
ads.imgur.com, 1
ads.jpost.com, 1
ads.ndtv1.com, 1
ads.planet.nl, 1
ads.resoom.de, 1
ads.scifi.com, 1
ads.space.com, 1
ads.watson.ch, 1
ads.yahoo.com, 1
ads.zdnet.com, 1
ads1.canoe.ca, 1
ads2.jubii.dk, 1
ads4homes.com, 1
ads5.canoe.ca, 1
adscholar.com, 1
adserver01.de, 1
adsmarket.com, 1
adsnative.com, 1
adsoldier.com, 1
adsynergy.com, 1
adtegrity.net, 1
adtriplex.com, 1
adv.webmd.com, 1
advariant.com, 1
adventory.com, 1
adverticus.de, 1
advertise.com, 1
affrh2014.com, 1
affrh2022.com, 1
agreemand.com, 1
aim4media.com, 1
americash.com, 1
amplitude.com, 1
anrdoezrs.net, 1
appsflyer.com, 1
area51-ts.com, 1
as1.advfn.com, 1
banner.rbc.ru, 1
banners.iq.pl, 1
bans.bride.ru, 1
bidswitch.net, 1
bigclicks.com, 1
bm.annonce.cz, 1
braincash.com, 1
brassrule.com, 1
broaddoor.com, 1
bumpberam.pro, 1
carbonads.com, 1
carbonads.net, 1
cash4popup.de, 1
cashcrate.com, 1
chartbeat.com, 1
chartbeat.net, 1
clearcomb.com, 1
clickbank.com, 1
clickhype.com, 1
clickwith.bid, 1
coin-hive.com, 1
connextra.com, 1
consensad.com, 1
convrse.media, 1
cowledges.com, 1
cqcounter.com, 1
crakmedia.com, 1
croissed.info, 1
crownclam.com, 1
crwdcntrl.net, 1
deployads.com, 1
disqusads.com, 1
dmtracker.com, 1
downloadr.xyz, 1
dragzebra.com, 1
dstillery.com, 1
e-bannerx.com, 1
ebocornac.com, 1
eiv.baidu.com, 1
elthamely.com, 1
emarketer.com, 1
enquisite.com, 1
ensighten.com, 1
eurekster.com, 1
eyereturn.com, 1
eyewonder.com, 1
farethief.com, 1
fastclick.com, 1
fastclick.net, 1
first.nova.cz, 1
freestats.com, 1
fullstory.com, 1
funklicks.com, 1
fusionads.net, 1
gamehouse.com, 1
geovisite.com, 1
getclicky.com, 1
giddycoat.com, 1
go2affise.com, 1
goldstats.com, 1
havamedia.net, 1
hitlounge.com, 1
hitometer.com, 1
hurtteeth.com, 1
iad.anm.co.uk, 1
imagecash.net, 1
inaccused.com, 1
infolinks.com, 1
jadeitite.com, 1
karisimbi.net, 1
kompasads.com, 1
launchbit.com, 1
leadclick.com, 1
lfstmedia.com, 1
linkprice.com, 1
logs.roku.com, 1
loudlunch.com, 1
lumpyleaf.com, 1
mads.cnet.com, 1
madvertise.de, 1
mas.sector.sk, 1
mediamath.com, 1
mediaplex.com, 1
mediascale.de, 1
mediatext.com, 1
mediavine.com, 1
medleyads.com, 1
megastats.com, 1
mellowads.com, 1
moatpixel.com, 1
mouseflow.com, 1
mstrlytcs.com, 1
mybloglog.com, 1
mypagerank.ru, 1
mystat-in.net, 1
nativeroll.tv, 1
ndparking.com, 1
nitratory.com, 1
openad.tf1.fr, 1
passion-4.net, 1
permutive.com, 1
pgpartner.com, 1
playhaven.com, 1
pointroll.com, 1
popup.msn.com, 1
porngraph.com, 1
porntrack.com, 1
predictad.com, 1
primetime.net, 1
proton-tm.com, 1
puffyloss.com, 1
puffypull.com, 1
quaintcan.com, 1
quantcast.com, 1
rampidads.com, 1
ranking-id.de, 1
rb1.design.ru, 1
readymoon.com, 1
relevanz10.de, 1
relmaxtop.com, 1
richmails.com, 1
rmads.msn.com, 1
rose.ixbt.com, 1
roughroll.com, 1
scanscout.com, 1
scrubswim.com, 1
servethis.com, 1
sher.index.hu, 1
shermore.info, 1
shinystat.com, 1
sicksmash.com, 1
sitemeter.com, 1
slopeaota.com, 1
smart4ads.com, 1
smartlook.com, 1
snakesort.com, 1
sombersea.com, 1
sponsorads.de, 1
sponsorpro.de, 1
stats4all.com, 1
storygize.net, 1
swimslope.com, 1
t.insigit.com, 1
tailsweep.com, 1
targetnet.com, 1
tawdryson.com, 1
tealiumiq.com, 1
textlinks.com, 1
theadhost.com, 1
tntclix.co.uk, 1
toecircle.com, 1
top20free.com, 1
topforall.com, 1
totemcash.com, 1
tubemogul.com, 1
ukbanners.com, 1
undertone.com, 1
verblife-3.co, 1
vericlick.com, 1
vertadnet.com, 1
videoadex.com, 1
visitpath.com, 1
voicefive.com, 1
volvelle.tech, 1
vs.tucows.com, 1
wateryvan.com, 1
web2.deja.com, 1
webcounter.cz, 1
webreseau.com, 1
webtracky.com, 1
webtraffic.se, 1
widespace.com, 1
wirecomic.com, 1
wryfinger.com, 1
www8.glam.com, 1
x-traceur.com, 1
xovq5nemr.com, 1
xxxmyself.com, 1
ymetrica1.com, 1
zangocash.com, 1
zencudo.co.uk, 1
4affiliate.net, 1
777partner.com, 1
77tracking.com, 1
7f1au20glg.com, 1
a.consumer.net, 1
abackchain.com, 1
abruptroad.com, 1
acridtwist.com, 1
ad-balancer.at, 1
ad-rotator.com, 1
ad.abcnews.com, 1
ad.admitad.com, 1
ad.anuntis.com, 1
ad.bondage.com, 1
ad.freecity.de, 1
ad.httpool.com, 1
ad.profiwin.de, 1
ad.reunion.com, 1
ad0.bigmir.net, 1
adcomplete.com, 1
adgardener.com, 1
adimg.cnet.com, 1
adimgs.sapo.pt, 1
adinjector.net, 1
adrecreate.com, 1
adrevolver.com, 1
ads.aceweb.net, 1
ads.amigos.com, 1
ads.bluesq.com, 1
ads.brabys.com, 1
ads.comeon.com, 1
ads.domain.com, 1
ads.domeus.com, 1
ads.eu.msn.com, 1
ads.filmup.com, 1
ads.forbes.com, 1
ads.forbes.net, 1
ads.gawker.com, 1
ads.glispa.com, 1
ads.guru3d.com, 1
ads.ibryte.com, 1
ads.jiwire.com, 1
ads.joaffs.com, 1
ads.kaktuz.net, 1
ads.kinobox.cz, 1
ads.kinxxx.com, 1
ads.krawall.de, 1
ads.mcafee.com, 1
ads.mmania.com, 1
ads.okcimg.com, 1
ads.pennet.com, 1
ads.powweb.com, 1
ads.rediff.com, 1
ads.sift.co.uk, 1
ads.soft32.com, 1
ads.tahono.com, 1
ads.techtv.com, 1
ads.tripod.com, 1
ads.weather.ca, 1
ads.web.cs.com, 1
ads.xtra.co.nz, 1
adserver.o2.pl, 1
adsoftware.com, 1
adsrevenue.net, 1
adverticum.com, 1
adverticum.net, 1
advertmedia.de, 1
advfromnwl.com, 1
adview.ppro.de, 1
adx.allstar.cz, 1
adx.atnext.com, 1
adxpansion.com, 1
affbuzzads.com, 1
aquaticowl.com, 1
auctionads.com, 1
auctionads.net, 1
banner.kiev.ua, 1
banner.orb.net, 1
bannerflow.com, 1
bannerhost.com, 1
bannermall.com, 1
bannermarkt.nl, 1
banners.czi.cz, 1
bannerswap.com, 1
basebanner.com, 1
bawdybeast.com, 1
bbelements.com, 1
bbn.img.com.ua, 1
bedsbreath.com, 1
bestsearch.net, 1
blingbucks.com, 1
blogcounter.de, 1
blogherads.com, 1
blogtoplist.se, 1
boost-my-pr.de, 1
boredcrown.com, 1
boringcoat.com, 1
brightinfo.com, 1
bucketbean.com, 1
buysellads.com, 1
c1exchange.com, 1
caniamedia.com, 1
casalmedia.com, 1
cashfiesta.com, 1
casinopays.com, 1
chinsnakes.com, 1
click.fool.com, 1
clickbooth.com, 1
clickhouse.com, 1
clicks.mods.de, 1
clicktrade.com, 1
clicmanager.fr, 1
clixgalore.com, 1
cloudcoins.biz, 1
clustrmaps.com, 1
cnt.spbland.ru, 1
cointraffic.io, 1
contextweb.com, 1
counter.cnw.cz, 1
crabbychin.com, 1
crtv.mate1.com, 1
cuteturkey.com, 1
dealdotcom.com, 1
deepintent.com, 1
demandbase.com, 1
dialerporn.com, 1
directorym.com, 1
dist.belnk.com, 1
docksalmon.com, 1
domainsteam.de, 1
doubleclick.de, 1
doublepimp.com, 1
e-planning.net, 1
earthycopy.com, 1
easyhits4u.com, 1
ecircle-ag.com, 1
etargetnet.com, 1
euros4click.de, 1
eventbeacon.ca, 1
exchangead.com, 1
exogripper.com, 1
extreme-dm.com, 1
eyeblaster.com, 1
eyeviewads.com, 1
faultyfowl.com, 1
flakyfeast.com, 1
flexbanner.com, 1
fpctraffic.com, 1
frailoffer.com, 1
freebanner.com, 1
freeskreen.com, 1
greetzebra.com, 1
greystripe.com, 1
handyfield.com, 1
hilltopads.net, 1
hit-parade.com, 1
hotrank.com.tw, 1
htmlhubing.xyz, 1
hydramedia.com, 1
i.xx.openx.com, 1
ientrymail.com, 1
indexstats.com, 1
indieclick.com, 1
inringtone.com, 1
inspectlet.com, 1
intelliads.com, 1
intellitxt.com, 1
js.users.51.la, 1
lakequincy.com, 1
laughcloth.com, 1
linkstorms.com, 1
linkswaper.com, 1
linktarget.com, 1
liveintent.com, 1
loading321.com, 1
lucidmedia.com, 1
lucklayed.info, 1
markedpail.com, 1
matchcraft.com, 1
maxonclick.com, 1
measuremap.com, 1
mediabridge.cc, 1
mediavoice.com, 1
megawerbung.de, 1
methodcash.com, 1
metrics.ctv.ca, 1
mg2connext.com, 1
microstatic.pl, 1
misstrends.com, 1
mixtraffic.com, 1
modifyeyes.com, 1
moggattice.com, 1
mousestats.com, 1
mrskincash.com, 1
mtrcs.samba.tv, 1
mypagerank.net, 1
myvisualiq.net, 1
nedstatpro.net, 1
net-filter.com, 1
netshelter.net, 1
newstarads.com, 1
numax.nu-1.com, 1
offerforge.com, 1
onaudience.com, 1
onclickads.net, 1
onlinecash.com, 1
optimizely.com, 1
partnercash.de, 1
paycounter.com, 1
perfiliate.com, 1
picadmedia.com, 1
piet2eix3l.com, 1
pietexture.com, 1
popupmoney.com, 1
prchecker.info, 1
primaryads.com, 1
promobenef.com, 1
promos.bwin.it, 1
protraffic.com, 1
pubdirecte.com, 1
pushengage.com, 1
quantserve.com, 1
raresummer.com, 1
readserver.net, 1
realclever.com, 1
reduxmedia.com, 1
reklam.rfsl.se, 1
reklamcsere.hu, 1
retargeter.com, 1
revcontent.com, 1
richstring.com, 1
rightstats.com, 1
rotabanner.com, 1
ru-traffic.com, 1
rulerabbit.com, 1
samsungacr.com, 1
samsungads.com, 1
scarcesign.com, 1
scopelight.com, 1
searchramp.com, 1
sessioncam.com, 1
sexcounter.com, 1
sextracker.com, 1
shakytaste.com, 1
shareasale.com, 1
sharppatch.com, 1
sillyscrew.com, 1
sincerespy.com, 1
sneaklevel.com, 1
stackadapt.com, 1
stat.cliche.se, 1
stat.zenon.net, 1
stat24.meta.ua, 1
stats.self.com, 1
statxpress.com, 1
steelhouse.com, 1
superstats.com, 1
swordgoose.com, 1
tapfiliate.com, 1
tatsumi-sys.jp, 1
techclicks.net, 1
tendertest.com, 1
ticklesign.com, 1
tns-counter.ru, 1
top.proext.com, 1
topbarh.box.sk, 1
toplista.mw.hu, 1
topping.com.ua, 1
toprebates.com, 1
trackedweb.net, 1
tsyndicate.com, 1
tvmtracker.com, 1
us.a1.yimg.com, 1
userreplay.com, 1
userreplay.net, 1
validclick.com, 1
valueclick.com, 1
xtendmedia.com, 1
xxxcounter.com, 1
zantracker.com, 1
zeusclicks.com, 1
zy16eoat1w.com, 1
advertising.com, 1
aboardlevel.com, 1
absurdwater.com, 1
actualdeals.com, 1
ad-balancer.net, 1
ad-delivery.net, 1
ad.auditude.com, 1
ad.infoseek.com, 1
ad.leadbolt.net, 1
ad.simgames.net, 1
ad.slutload.com, 1
ad.usatoday.com, 1
ad1.emediate.dk, 1
add.newmedia.cz, 1
adimages.go.com, 1
adlightning.com, 1
admailtiser.com, 1
adman.otenet.gr, 1
admanagement.ch, 1
admotion.com.ar, 1
adnet.asahi.com, 1
adreporting.com, 1
ads.advance.net, 1
ads.betfair.com, 1
ads.bigfoot.com, 1
ads.edbindex.dk, 1
ads.epltalk.com, 1
ads.ferianc.com, 1
ads.flooble.com, 1
ads.freecity.de, 1
ads.harpers.org, 1
ads.harvard.edu, 1
ads.kompass.com, 1
ads.mariuana.it, 1
ads.newmedia.cz, 1
ads.nytimes.com, 1
ads.passion.com, 1
ads.redtube.com, 1
ads.shizmoo.com, 1
ads.sptimes.com, 1
ads.thestar.com, 1
ads.twitter.com, 1
ads.uncrate.com, 1
ads.videosz.com, 1
ads.web.aol.com, 1
ads.youtube.com, 1
adserver.71i.de, 1
adserver.aol.fr, 1
adserverpub.com, 1
adskeeper.co.uk, 1
adsrv.eacdn.com, 1
adsrv.iol.co.za, 1
adsymptotic.com, 1
advertserve.com, 1
advisormedia.cz, 1
adwitserver.com, 1
allosponsor.com, 1
argyresthia.com, 1
aromamirror.com, 1
audit.median.hu, 1
banik.redigy.cz, 1
banner.coza.com, 1
banner.linux.se, 1
banner.tanto.de, 1
bannerboxes.com, 1
bannerimage.com, 1
bannerpower.com, 1
bannerspace.com, 1
batbuilding.com, 1
bidvertiser.com, 1
bluelithium.com, 1
boersego-ads.de, 1
bridgetrack.com, 1
buzzonclick.com, 1
c1.nowlinux.com, 1
capablecows.com, 1
casalemedia.com, 1
cashengines.com, 1
cashpartner.com, 1
cdn.segment.com, 1
chairscrack.com, 1
christingel.com, 1
clickagents.com, 1
clicktrace.info, 1
clicktracks.com, 1
clients.tbo.com, 1
code-server.biz, 1
commandwalk.com, 1
commonswing.com, 1
complextoad.com, 1
comprabanner.it, 1
concernrain.com, 1
coremetrics.com, 1
craktraffic.com, 1
crawlclocks.com, 1
crazypopups.com, 1
critictruck.com, 1
curtaincows.com, 1
cutecushion.com, 1
cyberbounty.com, 1
dashingdirt.com, 1
debonairway.com, 1
decknetwork.net, 1
desertedrat.com, 1
directleads.com, 1
directtrack.com, 1
doubleclick.com, 1
doubleclick.net, 1
eadexchange.com, 1
elderlytown.com, 1
entercasino.com, 1
errortablet.com, 1
eu-adcenter.net, 1
eu1.madsone.com, 1
everesttech.net, 1
ewebcounter.com, 1
exchange-it.com, 1
exponential.com, 1
fadedprofit.com, 1
feebleshock.com, 1
findepended.com, 1
fpctraffic2.com, 1
fusionquest.com, 1
fuzzyflavor.com, 1
ga.clearbit.com, 1
glossysense.com, 1
gossipmiser.com, 1
gp.dejanews.com, 1
grapeshot.co.uk, 1
harrenmedia.com, 1
hollowshake.com, 1
homepageking.de, 1
hyperbanner.net, 1
idtargeting.com, 1
ilead.itrack.it, 1
infinityads.com, 1
information.com, 1
innocentwax.com, 1
intentmedia.com, 1
intentmedia.net, 1
interreklame.de, 1
invitesugar.com, 1
ipredictive.com, 1
justicejudo.com, 1
justpremium.com, 1
kissmetrics.com, 1
leadboltads.net, 1
limpingline.com, 1
link-booster.de, 1
linkbuddies.com, 1
maximumcash.com, 1
media.funpic.de, 1
mediaplazza.com, 1
mediatrking.com, 1
medyanetads.com, 1
metanetwork.com, 1
metrics.cnn.com, 1
microticker.com, 1
moldyicicle.com, 1
monsterpops.com, 1
musiccounter.ru, 1
mypowermall.com, 1
newnudecash.com, 1
newtopsites.com, 1
nitroclicks.com, 1
oas.foxnews.com, 1
oas.roanoke.com, 1
oas.toronto.com, 1
offermatica.com, 1
onestatfree.com, 1
opienetwork.com, 1
pageranktop.com, 1
partner-ads.com, 1
peacepowder.com, 1
peep-auktion.de, 1
pgl.example0101, 1
ping.ublock.org, 1
piquantpigs.com, 1
popupnation.com, 1
postrelease.com, 1
privatecash.com, 1
prmtracking.com, 1
promo.ulust.com, 1
prsitecheck.com, 1
pub.hardware.fr, 1
publicidees.com, 1
pubs.lemonde.fr, 1
q.azcentral.com, 1
quarterbean.com, 1
rank-master.com, 1
ranking-hits.de, 1
rankingchart.de, 1
re-directme.com, 1
realtracker.com, 1
rebelsubway.com, 1
reklamer.com.ua, 1
resolutekey.com, 1
revenuehits.com, 1
ringsrecord.com, 1
ritzysponge.com, 1
robotreplay.com, 1
sageanalyst.net, 1
saysidewalk.com, 1
sedoparking.com, 1
sedotracker.com, 1
sendmepixel.com, 1
serving-sys.com, 1
shoppingads.com, 1
sixscissors.com, 1
smetrics.ctv.ca, 1
sneakystamp.com, 1
socialspark.com, 1
specially4u.net, 1
specificpop.com, 1
speedomizer.com, 1
spirebaboon.com, 1
spottysense.com, 1
spotxchange.com, 1
spywarelabs.com, 1
statcounter.com, 1
stats.olark.com, 1
stats2.self.com, 1
stickssheep.com, 1
stickyadstv.com, 1
sulkybutter.com, 1
supertop100.com, 1
swordfishdc.com, 1
targetpoint.com, 1
teenrevenue.com, 1
therapistla.com, 1
therichkids.com, 1
thirstytwig.com, 1
threechurch.com, 1
throattrees.com, 1
tia.timeinc.net, 1
tnkexchange.com, 1
top100.mafia.ru, 1
toplistcity.com, 1
topsafelist.net, 1
topsites.com.br, 1
tracedesire.com, 1
trackalyzer.com, 1
trackedlink.net, 1
tracking101.com, 1
traffichunt.com, 1
tritetongue.com, 1
unknowntray.com, 1
unrulymedia.com, 1
ventivmedia.com, 1
websponsors.com, 1
whirlwealth.com, 1
whiskyqueue.com, 1
whoisonline.net, 1
widgetbucks.com, 1
wlmarketing.com, 1
worrybutter.com, 1
wwwpromoter.com, 1
x6.yakiuchi.com, 1
abashedangle.com, 1
absentstream.com, 1
actionsplash.com, 1
ad-serverparc.nl, 1
ad.crwdcntrl.net, 1
ad.doctissimo.fr, 1
ad.eurosport.com, 1
ad.jamster.co.uk, 1
ad.keenspace.com, 1
ad.mediastorm.hu, 1
ad.nttnavi.co.jp, 1
ad.smartclip.net, 1
ad.yourmedia.com, 1
addfreestats.com, 1
admax.nexage.com, 1
ads.allvatar.com, 1
ads.betanews.com, 1
ads.brazzers.com, 1
ads.channel4.com, 1
ads.cricbuzz.com, 1
ads.elcarado.com, 1
ads.footymad.net, 1
ads.fotosidan.se, 1
ads.gamecity.net, 1
ads.getlucky.com, 1
ads.gmodules.com, 1
ads.ibest.com.br, 1
ads.leovegas.com, 1
ads.linkedin.com, 1
ads.massinfra.nl, 1
ads.miarroba.com, 1
ads.nwsource.com, 1
ads.nzcity.co.nz, 1
ads.oneplace.com, 1
ads.printscr.com, 1
ads.prisacom.com, 1
ads.program3.com, 1
ads.psd2html.com, 1
ads.pushplay.com, 1
ads.recoletos.es, 1
ads.saymedia.com, 1
ads.servebom.com, 1
ads.townhall.com, 1
ads.usatoday.com, 1
ads.vgchartz.com, 1
ads.vnumedia.com, 1
ads.wiezoekje.nl, 1
ads.xhamster.com, 1
adserver.html.it, 1
adserverplus.com, 1
adv-adserver.com, 1
adv.hwupgrade.it, 1
adv.livedoor.com, 1
advertmarket.com, 1
advertpro.ya.com, 1
advertstream.com, 1
advertwizard.com, 1
alexametrics.com, 1
alladvantage.com, 1
apolloprogram.io, 1
aps.hearstnp.com, 1
archswimming.com, 1
assoc-amazon.com, 1
banner.elisa.net, 1
banner.img.co.za, 1
banner.nixnet.cz, 1
banner.relcom.ru, 1
banners.cams.com, 1
banners.dine.com, 1
bannerserver.com, 1
bannersgomlm.com, 1
beamincrease.com, 1
bestboundary.com, 1
bigbangmedia.com, 1
bizographics.com, 1
blockadblock.com, 1
blogtopsites.com, 1
bluewhaleweb.com, 1
broadcastbed.com, 1
bwp.download.com, 1
callousbrake.com, 1
cash4members.com, 1
channel1vids.com, 1
chardwardse.club, 1
cherrythread.com, 1
chiefcurrent.com, 1
click.kmindex.ru, 1
clickability.com, 1
clickbrokers.com, 1
clickdensity.com, 1
clickxchange.com, 1
cliksolution.com, 1
cml.sad.ukrd.com, 1
counter.yadro.ru, 1
crawlability.com, 1
crowdgravity.com, 1
customad.cnn.com, 1
dakic-ia-300.com, 1
dancemistake.com, 1
deadpantruck.com, 1
defectivesun.com, 1
detailedglue.com, 1
di1.shopping.com, 1
directaclick.com, 1
directivepub.com, 1
eas.almamedia.fi, 1
elitedollars.com, 1
elitetoplist.com, 1
enoratraffic.com, 1
exitexchange.com, 1
experteerads.com, 1
fanaticalfly.com, 1
faultycanvas.com, 1
findcommerce.com, 1
flashtalking.com, 1
flimsycircle.com, 1
foo.cosmocode.de, 1
free-banners.com, 1
fuzzyweather.com, 1
gamesites100.net, 1
gamesites200.com, 1
gammamaximum.com, 1
globus-inter.com, 1
gondolagnome.com, 1
gracefulsock.com, 1
hits.europuls.eu, 1
hs-analytics.net, 1
hypertracker.com, 1
iconadserver.com, 1
immensehoney.com, 1
impulsehands.com, 1
imrworldwide.com, 1
inboxdollars.com, 1
incentaclick.com, 1
infinite-ads.com, 1
internetfuel.com, 1
iperceptions.com, 1
justrelevant.com, 1
knifeoctopus.com, 1
lettucelimit.com, 1
lightcushion.com, 1
linkexchange.com, 1
linkreferral.com, 1
links-ranking.de, 1
linkshighway.com, 1
lizardslaugh.com, 1
log.logrocket.io, 1
markedcrayon.com, 1
mediacharger.com, 1
mediageneral.com, 1
mediamgr.ugo.com, 1
memorizeneck.com, 1
memorycobweb.com, 1
minormeeting.com, 1
mixedreading.com, 1
mylink-today.com, 1
mytrafficads.com, 1
naganoadigei.com, 1
nastydollars.com, 1
nedstatbasic.net, 1
newnet.qsrch.com, 1
oas.benchmark.fr, 1
observantice.com, 1
open.oneplus.net, 1
optimallimit.com, 1
pagerank4you.com, 1
parchedangle.com, 1
pcash.imlive.com, 1
personagraph.com, 1
pgmediaserve.com, 1
phpmyvisites.net, 1
pixel.digitru.st, 1
pixel.sojern.com, 1
play4traffic.com, 1
popuptraffic.com, 1
profitrumour.com, 1
programattik.com, 1
promos.fling.com, 1
promote.pair.com, 1
propellerads.com, 1
provideplant.com, 1
pub.realmedia.fr, 1
puffypurpose.com, 1
puzzlingfall.com, 1
quarterserver.de, 1
quicksandear.com, 1
ranking-links.de, 1
ranking-liste.de, 1
rankingscout.com, 1
rapidcounter.com, 1
rapidkittens.com, 1
readgoldfish.com, 1
readingguilt.com, 1
readingopera.com, 1
receptiveink.com, 1
record.mrwin.com, 1
referralware.com, 1
reinvigorate.net, 1
sail-horizon.com, 1
scarcestream.com, 1
scratch2cash.com, 1
secretivecub.com, 1
shallowsmile.com, 1
sharethrough.com, 1
shelterstraw.com, 1
sizesidewalk.com, 1
sleepcartoon.com, 1
slipperysack.com, 1
smilingwaves.com, 1
softclick.com.br, 1
sparkstudios.com, 1
spidersboats.com, 1
spot.fitness.com, 1
stakingscrew.com, 1
stakingslope.com, 1
standingnest.com, 1
start.freeze.com, 1
stat.webmedia.pl, 1
static.fmpub.net, 1
static.itrack.it, 1
stats.pusher.com, 1
stormysponge.com, 1
straightnest.com, 1
stripedburst.com, 1
structurerod.com, 1
succeedscene.com, 1
sugarcurtain.com, 1
sugoicounter.com, 1
summerobject.com, 1
tangerinenet.biz, 1
tangibleteam.com, 1
tapinfluence.com, 1
targetingnow.com, 1
tedioustooth.com, 1
teenyvolcano.com, 1
thirdrespect.com, 1
topgamesites.net, 1
touchclarity.com, 1
track.adform.net, 1
track.gawker.com, 1
trackingsoft.com, 1
trackmysales.com, 1
tradedoubler.com, 1
trafficadept.com, 1
trafficjunky.net, 1
trafficswarm.com, 1
tranquilside.com, 1
trendcounter.com, 1
tribalfusion.com, 1
trickycelery.com, 1
typicalteeth.com, 1
ultramercial.com, 1
ultraoranges.com, 1
unusualtitle.com, 1
urbanairship.com, 1
valuesponsor.com, 1
vanfireworks.com, 1
verticalmass.com, 1
vibrantmedia.com, 1
watchingthat.com, 1
web.informer.com, 1
webmasterplan.de, 1
wellmadefrog.com, 1
widget.privy.com, 1
window.nixnet.cz, 1
witch-counter.de, 1
xtremetop100.com, 1
yieldmanager.com, 1
yieldmanager.net, 1
yieldtraffic.com, 1
zealousfield.com, 1
a-counter.kiev.ua, 1
a.aproductmsg.com, 1
absorbingband.com, 1
actuallysheep.com, 1
actuallysnake.com, 1
ad.altervista.org, 1
ad.caradisiac.com, 1
ad.hodomobile.com, 1
ad.musicmatch.com, 1
ad.nozonedata.com, 1
ad.thewheelof.com, 1
ad.twitchguru.com, 1
ad.weatherbug.com, 1
adext.inkclub.com, 1
adimages.been.com, 1
adimg.uimserv.net, 1
adimg1.chosun.com, 1
adjustnetwork.com, 1
admarketplace.net, 1
ads.adverline.com, 1
ads.as4x.tmcs.net, 1
ads.bigchurch.com, 1
ads.bloomberg.com, 1
ads.canalblog.com, 1
ads.crakmedia.com, 1
ads.cybersales.cz, 1
ads.datingyes.com, 1
ads.economist.com, 1
ads.egrana.com.br, 1
ads.gamespyid.com, 1
ads.hollywood.com, 1
ads.horsehero.com, 1
ads.ipowerweb.com, 1
ads.jobsite.co.uk, 1
ads.lapalingo.com, 1
ads.lordlucky.com, 1
ads.medienhaus.de, 1
ads.mgnetwork.com, 1
ads.mobilebet.com, 1
ads.motormedia.nl, 1
ads.newsint.co.uk, 1
ads.primissima.it, 1
ads.shopstyle.com, 1
ads.undertone.com, 1
ads.xtribeapp.com, 1
ads.yap.yahoo.com, 1
ads.yldmgrimg.net, 1
ads03.redtube.com, 1
ads2.brazzers.com, 1
ads2.gamecity.net, 1
ads2.oneplace.com, 1
ads3.gamecity.net, 1
ads4.gamecity.net, 1
ads6.gamecity.net, 1
ads7.gamecity.net, 1
adserver.bing.com, 1
adserver.cams.com, 1
adv.freeonline.it, 1
advertiserurl.com, 1
affiliatefuel.com, 1
agreeablestew.com, 1
anxiousapples.com, 1
backbeatmedia.com, 1
balancebreath.com, 1
banner.casino.net, 1
banner.penguin.cz, 1
banner.vadian.net, 1
bannerconnect.com, 1
bannerconnect.net, 1
bannertesting.com, 1
baskettexture.com, 1
beacon.gu-web.net, 1
blast4traffic.com, 1
blueadvertise.com, 1
blushingbeast.com, 1
boilingbeetle.com, 1
brand-display.com, 1
brandreachsys.com, 1
broadboundary.com, 1
businessbells.com, 1
casinorewards.com, 1
casinotraffic.com, 1
cdn.freefarcy.com, 1
cdn.onesignal.com, 1
cheerfulrange.com, 1
cityads.telus.net, 1
cjbmanagement.com, 1
clickboothlnk.com, 1
clickedyclick.com, 1
cnt1.pocitadlo.cz, 1
compactbanner.com, 1
content.acc-hd.de, 1
conversionbet.com, 1
copycarpenter.com, 1
count.west263.com, 1
counter.bloke.com, 1
counter.search.bg, 1
counts.tucows.com, 1
coupling-media.de, 1
decisiveducks.com, 1
decoycreation.com, 1
didtheyreadit.com, 1
differentdesk.com, 1
digitalmerkat.com, 1
discountclick.com, 1
discreetfield.com, 1
domainsponsor.com, 1
dynamic.fmpub.net, 1
elasticchange.com, 1
elephantqueue.com, 1
endurableshop.com, 1
enginenetwork.com, 1
enviousthread.com, 1
express-submit.de, 1
familiarfloor.com, 1
famousquarter.com, 1
firstlightera.com, 1
freshmarketer.com, 1
globalismedia.com, 1
globaltakeoff.net, 1
goingplatinum.com, 1
guardedschool.com, 1
guitarbelieve.com, 1
hammerhearing.com, 1
heapanalytics.com, 1
hentaicounter.com, 1
hilariouszinc.com, 1
hits.informer.com, 1
honeygoldfish.com, 1
ifa.tube8live.com, 1
illfatedsnail.com, 1
imageads.canoe.ca, 1
img.prohardver.hu, 1
impressionz.co.uk, 1
inviterabbits.com, 1
its-that-easy.com, 1
lead-analytics.nl, 1
leaplunchroom.com, 1
logger.snackly.co, 1
lopsidedspoon.com, 1
madisonavenue.com, 1
market-buster.com, 1
marketing.888.com, 1
marketing.nyi.net, 1
media-servers.net, 1
media6degrees.com, 1
messagenovice.com, 1
militaryverse.com, 1
moneyexpert.co.uk, 1
nervoussummer.com, 1
netclickstats.com, 1
oas.repubblica.it, 1
oas.uniontrib.com, 1
online-metrix.net, 1
paradoxfactor.com, 1
percentmobile.com, 1
performancing.com, 1
photographpan.com, 1
playmobileads.com, 1
possibleboats.com, 1
presetrabbits.com, 1
promo.badoink.com, 1
quacksquirrel.com, 1
quantummetric.com, 1
radar.cedexis.com, 1
ranking-charts.de, 1
ratings.lycos.com, 1
reachjunction.com, 1
realcastmedia.com, 1
remistrainew.club, 1
remotead.cnet.com, 1
republika.onet.pl, 1
resonantbrush.com, 1
revenuedirect.com, 1
richwebmaster.com, 1
rmedia.boston.com, 1
ruthlessrobin.com, 1
scatteredheat.com, 1
secretspiders.com, 1
servedbyopenx.com, 1
sexinyourcity.com, 1
sharepointads.com, 1
shiveringsail.com, 1
shockingswing.com, 1
silkysquirrel.com, 1
similarsabine.com, 1
skimresources.com, 1
smart.brvaffs.com, 1
smartadserver.com, 1
smashsurprise.com, 1
spezialreporte.de, 1
spiffymachine.com, 1
spurioussteam.com, 1
squirrelhands.com, 1
stat.dealtime.com, 1
stats.blogger.com, 1
storesurprise.com, 1
stoveseashore.com, 1
talentedsteel.com, 1
tastefulsongs.com, 1
terriblethumb.com, 1
text-link-ads.com, 1
thinkablerice.com, 1
top-site-list.com, 1
tour.brazzers.com, 1
trafficholder.com, 1
trafficleader.com, 1
trafficspaces.net, 1
traffictrader.net, 1
ultimateclixx.com, 1
unwrittenspot.com, 1
valuecommerce.com, 1
vervewireless.com, 1
visualrevenue.com, 1
webmasterplan.com, 1
webtrendslive.com, 1
wonderlandads.com, 1
worriednumber.com, 1
www.money4exit.de, 1
123freeavatars.com, 1
acuityplatform.com, 1
ad.choiceradio.com, 1
ad.digitallook.com, 1
ad.foxnetworks.com, 1
ad.jetsoftware.com, 1
ad.liveinternet.ru, 1
ad.nachtagenten.de, 1
ad.preferances.com, 1
ad1.pamedia.com.au, 1
ad3.pamedia.com.au, 1
adbuyer3.lycos.com, 1
adexchangegate.com, 1
adlooxtracking.com, 1
adres.internet.com, 1
ads-trk.vidible.tv, 1
ads.appsgeyser.com, 1
ads.betfair.com.au, 1
ads.bittorrent.com, 1
ads.casinocity.com, 1
ads.contentabc.com, 1
ads.contextweb.com, 1
ads.datinggold.com, 1
ads.deviantart.com, 1
ads.easy-forex.com, 1
ads.exactdrive.com, 1
ads.expat-blog.biz, 1
ads.fairfax.com.au, 1
ads.gamershell.com, 1
ads.gplusmedia.com, 1
ads.gradfinder.com, 1
ads.guardian.co.uk, 1
ads.hearstmags.com, 1
ads.heartlight.org, 1
ads.indiatimes.com, 1
ads.internic.co.il, 1
ads.justhungry.com, 1
ads.livenation.com, 1
ads.motor-forum.nl, 1
ads.newgrounds.com, 1
ads.ninemsn.com.au, 1
ads.phpclasses.org, 1
ads.smartclick.com, 1
ads10.speedbit.com, 1
adsatt.espn.go.com, 1
adserv.gamezone.de, 1
adserver.43plc.com, 1
adserver.janes.com, 1
adserver.libero.it, 1
adserver.yahoo.com, 1
adsys.townnews.com, 1
advert.bayarea.com, 1
advertisespace.com, 1
advertisingbox.com, 1
advertisingtag.net, 1
adworldnetwork.com, 1
affiliate.mogs.com, 1
agreeableprice.com, 1
ambiguousquilt.com, 1
analytics.live.com, 1
api.intensifier.de, 1
audience2media.com, 1
audit.webinform.hu, 1
automaticflock.com, 1
avpa.javalobby.org, 1
axiomaticalley.com, 1
balloontexture.com, 1
bannercommunity.de, 1
banners.amigos.com, 1
banners.bol.com.br, 1
banners.freett.com, 1
bannersng.yell.com, 1
barbarousnerve.com, 1
bounceexchange.com, 1
box.anchorfree.net, 1
bustlinganimal.com, 1
captainbicycle.com, 1
casinotreasure.com, 1
clickcompare.co.uk, 1
clickonometrics.pl, 1
cookies.cmpnet.com, 1
coordinatedcub.com, 1
copperchickens.com, 1
counter.rambler.ru, 1
counter.snackly.co, 1
cpxinteractive.com, 1
culturedcrayon.com, 1
dashingsweater.com, 1
decisivedrawer.com, 1
delightdriving.com, 1
desertedbreath.com, 1
economicpizzas.com, 1
exclusivebrass.com, 1
farmergoldfish.com, 1
fc.webmasterpro.de, 1
findyourcasino.com, 1
flavordecision.com, 1
fleshlightcash.com, 1
floodprincipal.com, 1
fourarithmetic.com, 1
freewebcounter.com, 1
functionalclam.com, 1
gorgeousground.com, 1
grandioseguide.com, 1
greyinstrument.com, 1
hardtofindmilk.com, 1
hightrafficads.com, 1
hystericalhelp.com, 1
impressionmedia.cz, 1
industrybrains.com, 1
insightexpress.com, 1
inspectorclick.com, 1
instantmadness.com, 1
instinctiveads.com, 1
lightspeedcash.com, 1
logs.logrocket.com, 1
longinglettuce.com, 1
mediaiqdigital.com, 1
metaffiliation.com, 1
mobileiconnect.com, 1
netaffiliation.com, 1
netcommunities.com, 1
newopenx.detik.com, 1
ota.cartrawler.com, 1
partner.pelikan.cz, 1
petiteumbrella.com, 1
popflawlessads.com, 1
premium-offers.com, 1
previouspotato.com, 1
quietknowledge.com, 1
redirectvoluum.com, 1
reklama.mironet.cz, 1
richmedia.yimg.com, 1
rubiconproject.com, 1
sbx.pagesjaunes.fr, 1
scripte-monster.de, 1
selectionsugar.com, 1
separatesilver.com, 1
simplisticnose.com, 1
sincerebuffalo.com, 1
sombersquirrel.com, 1
sombersurprise.com, 1
stats.townnews.com, 1
steadfastsound.com, 1
stormyachiever.com, 1
straightschool.com, 1
strivesidewalk.com, 1
suddensidewalk.com, 1
terribleturkey.com, 1
toothbrushnote.com, 1
track.viewdeos.com, 1
tracking.gajmp.com, 1
trafficfactory.biz, 1
trafficsecrets.com, 1
tremendoustime.com, 1
truckstomatoes.com, 1
untidyquestion.com, 1
usapromotravel.com, 1
visual-pagerank.fr, 1
voicevegetable.com, 1
webtrackerplus.com, 1
whisperingcrib.com, 1
worldwide-cash.net, 1
www-banner.chat.ru, 1
yesadvertising.com, 1
zanox-affiliate.de, 1
abandonedaction.com, 1
abandonedclover.com, 1
ad.domainfactory.de, 1
adcentriconline.com, 1
ads.activestate.com, 1
ads.adshareware.net, 1
ads.adstream.com.ro, 1
ads.aspalliance.com, 1
ads.batpmturner.com, 1
ads.berlinonline.de, 1
ads.bluelithium.com, 1
ads.bonniercorp.com, 1
ads.boylesports.com, 1
ads.dennisnet.co.uk, 1
ads.electrocelt.com, 1
ads.elitetrader.com, 1
ads.emirates.net.ae, 1
ads.fortunecity.com, 1
ads.foxnetworks.com, 1
ads.gsmexchange.com, 1
ads.newsquest.co.uk, 1
ads.oddschecker.com, 1
ads.optusnet.com.au, 1
ads.supplyframe.com, 1
ads.tripod.lycos.de, 1
ads.tripod.lycos.es, 1
ads.tripod.lycos.it, 1
ads.tripod.lycos.nl, 1
ads2.contentabc.com, 1
ads3.contentabc.com, 1
adsafeprotected.com, 1
adserver.bizhat.com, 1
adstest.weather.com, 1
advideo.uimserv.net, 1
affiliatefuture.com, 1
affiliatewindow.com, 1
amazingcounters.com, 1
amazon-adsystem.com, 1
analytics.yahoo.com, 1
apathetictheory.com, 1
banner.mindshare.de, 1
banner.northsky.com, 1
banner.titan-dsl.de, 1
banner.wirenode.com, 1
bannerlandia.com.ar, 1
banners.getiton.com, 1
banners.passion.com, 1
banners.sys-con.com, 1
banners.videosz.com, 1
bans.adserver.co.il, 1
bewilderedblade.com, 1
bitmedianetwork.com, 1
boilingumbrella.com, 1
british-banners.com, 1
chickensstation.com, 1
click2freemoney.com, 1
clicks.equantum.com, 1
clickthruserver.com, 1
clicktrack.ziyu.net, 1
completecabbage.com, 1
consciouschairs.com, 1
conversantmedia.com, 1
conversionruler.com, 1
counter.mojgorod.ru, 1
counting.kmindex.ru, 1
cumbersomecloud.com, 1
debtbusterloans.com, 1
detectdiscovery.com, 1
displayadsmedia.com, 1
dnads.directnic.com, 1
e-n-t-e-r-n-e-x.com, 1
earthquakescarf.com, 1
ebayadvertising.com, 1
elderlyscissors.com, 1
enthusiasticdad.com, 1
ero-advertising.com, 1
extremetracking.com, 1
forex-affiliate.net, 1
freeonlineusers.com, 1
functionalcrown.com, 1
funpageexchange.com, 1
graph.instagram.com, 1
guardedgovernor.com, 1
highfalutinroom.com, 1
imarketservices.com, 1
imonitor.nethost.cz, 1
incrediblesugar.com, 1
laughablecopper.com, 1
leadingedgecash.com, 1
liveadexchanger.com, 1
log.btopenworld.com, 1
magnificentmist.com, 1
matheranalytics.com, 1
metrics.foxnews.com, 1
metrics.govexec.com, 1
mjxads.internet.com, 1
mysteriousmonth.com, 1
neighborlywatch.com, 1
newads.bangbros.com, 1
noiselessplough.com, 1
obscenesidewalk.com, 1
omniscientspark.com, 1
online.miarroba.com, 1
operationkettle.com, 1
pagead.l.google.com, 1
pagerank-ranking.de, 1
perceivequarter.com, 1
perfectaudience.com, 1
pro-advertising.com, 1
px.dynamicyield.com, 1
questaffiliates.net, 1
quizzicalzephyr.com, 1
realtechnetwork.com, 1
referrer.disqus.com, 1
rta.dailymail.co.uk, 1
searchmarketing.com, 1
selectivesummer.com, 1
shakesuggestion.com, 1
sixsigmatraffic.com, 1
specificmedia.co.uk, 1
speedshiftmedia.com, 1
springaftermath.com, 1
spykemediatrack.com, 1
stats.directnic.com, 1
stats.unwired-i.net, 1
stats.wordpress.com, 1
steadfastsystem.com, 1
steelhousemedia.com, 1
stupendoussleet.com, 1
superficialsink.com, 1
swan-swan-goose.com, 1
track.contently.com, 1
track.flexlinks.com, 1
track1.viewdeos.com, 1
tracker.marinsm.com, 1
tradeadexchange.com, 1
traktrafficflow.com, 1
unarmedindustry.com, 1
valueclickmedia.com, 1
variablefitness.com, 1
visiblemeasures.com, 1
webcounter.goweb.de, 1
webseoanalytics.com, 1
wikia-ads.wikia.com, 1
www.kaplanindex.com, 1
www.photo-ads.co.uk, 1
24pm-affiliation.com, 1
ad.media-servers.net, 1
adblockanalytics.com, 1
adclient.uimserv.net, 1
adclient1.tucows.com, 1
adfarm.mediaplex.com, 1
adimages.carsoup.com, 1
adk2ads.tictacti.com, 1
adnetinteractive.com, 1
adnews.maddog2000.de, 1
ads.administrator.de, 1
ads.bluemountain.com, 1
ads.businessweek.com, 1
ads.centraliprom.com, 1
ads.clearchannel.com, 1
ads.contactmusic.com, 1
ads.digitalpoint.com, 1
ads.eagletribune.com, 1
ads.factorymedia.com, 1
ads.friendfinder.com, 1
ads.gsm-exchange.com, 1
ads.mediaodyssey.com, 1
ads.outpersonals.com, 1
ads.programattik.com, 1
ads.satyamonline.com, 1
ads.silverdisc.co.uk, 1
ads.uknetguide.co.uk, 1
ads.yourfreedvds.com, 1
ads1.mediacapital.pt, 1
adsby.bidtheatre.com, 1
adserver.freecity.de, 1
adserver.news.com.au, 1
adserver.twitpic.com, 1
adserver.viagogo.com, 1
adserving.unibet.com, 1
adsrv.deviantart.com, 1
adultadvertising.com, 1
adv-banner.libero.it, 1
adv.nexthardware.com, 1
advertiseireland.com, 1
affiliate.viator.com, 1
aktrack.pubmatic.com, 1
analytics.adpost.org, 1
analytics.google.com, 1
ard.xxxblackbook.com, 1
athena-ads.wikia.com, 1
audienceinsights.com, 1
auto-bannertausch.de, 1
b59812ee54afcabd.com, 1
ba.afl.rakuten.co.jp, 1
banner.easyspace.com, 1
banner.eurogrand.com, 1
behavioralengine.com, 1
bizad.nikkeibp.co.jp, 1
blushingboundary.com, 1
calculatorcamera.com, 1
centerpointmedia.com, 1
class-act-clicks.com, 1
clickserve.cc-dt.com, 1
clickthrutraffic.com, 1
consciouscabbage.com, 1
converge-digital.com, 1
counter.fateback.com, 1
counter.mirohost.net, 1
counter.nowlinux.com, 1
counter.sparklit.com, 1
counters.honesty.com, 1
effectivemeasure.com, 1
effectivemeasure.net, 1
feedbackresearch.com, 1
frightenedpotato.com, 1
geo.digitalpoint.com, 1
google-analytics.com, 1
googleadservices.com, 1
hidden.gogoceleb.com, 1
hits.theguardian.com, 1
importedincrease.com, 1
insightexpressai.com, 1
instrumentsponge.com, 1
mediax.angloinfo.com, 1
mediaz.angloinfo.com, 1
mymoneymakingapp.com, 1
newt1.adultworld.com, 1
nondescriptcrowd.com, 1
nondescriptsmile.com, 1
oas.villagevoice.com, 1
onenetworkdirect.com, 1
onlinecashmethod.com, 1
openad.travelnow.com, 1
pepperjamnetwork.com, 1
popups.infostart.com, 1
possessivebucket.com, 1
precisioncounter.com, 1
projectwonderful.com, 1
pub.club-internet.fr, 1
railwayrainstorm.com, 1
reflectivereward.com, 1
reklama.reflektor.cz, 1
remarketingpixel.com, 1
servedbyadbutler.com, 1
spectacularsnail.com, 1
statistik-gallup.net, 1
textad.sexsearch.com, 1
toplist.pornhost.com, 1
track.anchorfree.com, 1
tracking.ibxlink.com, 1
traffic-exchange.com, 1
uttermosthobbies.com, 1
webstat.channel4.com, 1
wpnrtnmrewunrtok.xyz, 1
absoluteclickscom.com, 1
ad.virtual-nights.com, 1
ad1.emule-project.org, 1
adcast.deviantart.com, 1
adcontent.gamespy.com, 1
admanager.carsoup.com, 1
ads.creativematch.com, 1
ads.detelefoongids.nl, 1
ads.directionsmag.com, 1
ads.grindinggears.com, 1
ads.horyzon-media.com, 1
ads.nordichardware.se, 1
ads.sexinyourcity.com, 1
ads.socialtheater.com, 1
ads.stackoverflow.com, 1
ads2.clearchannel.com, 1
ads4.clearchannel.com, 1
adserver.betandwin.de, 1
adserver.hwupgrade.it, 1
adv.cooperhosting.net, 1
affiliate.dtiserv.com, 1
affiliate.mercola.com, 1
affiliate.treated.com, 1
affiliates.globat.com, 1
affiliatetracking.com, 1
affiliatetracking.net, 1
analytics.newsinc.com, 1
annonser.dagbladet.no, 1
banner-exchange-24.de, 1
banner.noblepoker.com, 1
banner.webmersion.com, 1
banners.babylon-x.com, 1
banners.directnic.com, 1
banners.sexsearch.com, 1
calculatingcircle.com, 1
cgicounter.puretec.de, 1
cloisteredhydrant.com, 1
comfortablecheese.com, 1
commissionmonster.com, 1
confirmed-profits.com, 1
counter.dreamhost.com, 1
direct-xxx-access.com, 1
doubtfulrainstorm.com, 1
efficaciouscactus.com, 1
fascinatedfeather.com, 1
ffxcam.fairfax.com.au, 1
futuristicfairies.com, 1
googlesyndication.com, 1
historicalrequest.com, 1
incognitosearches.com, 1
madclient.uimserv.net, 1
mbs.megaroticlive.com, 1
netpool.netbookia.net, 1
nuttyorganization.com, 1
oneandonlynetwork.com, 1
openx.blindferret.com, 1
pagerank-submitter.de, 1
pronetadvertising.com, 1
publicidad.elmundo.es, 1
receptivereaction.com, 1
reklame.unwired-i.net, 1
scorecardresearch.com, 1
secure.webconnect.net, 1
sidebar.angelfire.com, 1
somniture.stuff.co.nz, 1
stat.dyna.ultraweb.hu, 1
stats.hyperinzerce.cz, 1
surfmusik-adserver.de, 1
tracker.icerocket.com, 1
traffic.focuusing.com, 1
trafficstrategies.com, 1
truehits1.gits.net.th, 1
truehits2.gits.net.th, 1
wholesaletraffic.info, 1
180searchassistant.com, 1
ad.period-calendar.com, 1
ad.technoratimedia.com, 1
adimage.guardian.co.uk, 1
adimages.homestore.com, 1
adimages.sanomawsoy.fi, 1
ads.abovetopsecret.com, 1
ads.colombiaonline.com, 1
ads.digital-digest.com, 1
ads.gaming-universe.de, 1
ads.geekswithblogs.net, 1
ads.isoftmarketing.com, 1
ads.mobilautomaten.com, 1
ads.nordichardware.com, 1
ads.redlightcenter.com, 1
ads.themovienation.com, 1
ads.tripod.lycos.co.uk, 1
ads.viksaffiliates.com, 1
ads.virtual-nights.com, 1
ads.webmasterpoint.org, 1
ads.wikia.nocookie.net, 1
ads.wineenthusiast.com, 1
Adsatt.go.starwave.com, 1
adserver.aidameter.com, 1
adserver.break-even.it, 1
adserver.digitoday.com, 1
adserver.pressboard.ca, 1
adserver.sanomawsoy.fi, 1
adserver.sciflicks.com, 1
adserver.spankaway.com, 1
adserver1.mindshare.de, 1
adserver2.mindshare.de, 1
advertisingbanners.com, 1
affiliate.gamestop.com, 1
affiliates.babylon.com, 1
affiliates.thrixxx.com, 1
affiliation-france.com, 1
ambitiousagreement.com, 1
anm.intelli-direct.com, 1
at-adserver.alltop.com, 1
attributiontracker.com, 1
banner.media-system.de, 1
bannerexchange.cjb.net, 1
cluster.adultworld.com, 1
concernedcondition.com, 1
delegatediscussion.com, 1
detailedgovernment.com, 1
dmtracking.alibaba.com, 1
harrenmedianetwork.com, 1
hexusads.fluent.ltd.uk, 1
illustriousoatmeal.com, 1
install.365-stream.com, 1
inventionpassenger.com, 1
media.ftv-publicite.fr, 1
myaffiliateprogram.com, 1
ncaudienceexchange.com, 1
neudesicmediagroup.com, 1
newt1.adultadworld.com, 1
ng3.ads.warnerbros.com, 1
olivebrandresponse.com, 1
onlinerewardcenter.com, 1
parsimoniouspolice.com, 1
partnerad.l.google.com, 1
partners.priceline.com, 1
performancerevenue.com, 1
practicetoothpaste.com, 1
previousplayground.com, 1
realmedia-a800.d4p.net, 1
scambiobanner.aruba.it, 1
scintillatingspace.com, 1
sinefight-skinesia.com, 1
sitedataprocessing.com, 1
smetrics.walgreens.com, 1
squeamishscarecrow.com, 1
top-casting-termine.de, 1
track.flexlinkspro.com, 1
tracker.trackerfix.com, 1
travis.bosscasinos.com, 1
utils.mediageneral.net, 1
zeus.developershed.com, 1
ad.aboutwebservices.com, 1
adnet.worldreviewer.com, 1
ads.belointeractive.com, 1
ads.digitalmedianet.com, 1
ads.kabooaffiliates.com, 1
ads.kelbymediagroup.com, 1
ads.larryaffiliates.com, 1
ads.linuxfoundation.org, 1
ads.multimania.lycos.fr, 1
ads.suomiautomaatti.com, 1
ads.trinitymirror.co.uk, 1
ads.tso.dennisnet.co.uk, 1
ads.ultimate-guitar.com, 1
ads.websiteservices.com, 1
ads1.virtual-nights.com, 1
ads2.virtual-nights.com, 1
ads3.virtual-nights.com, 1
ads4.virtual-nights.com, 1
ads5.virtual-nights.com, 1
adsatt.abc.starwave.com, 1
adserver.theonering.net, 1
advert.dyna.ultraweb.hu, 1
advertpro.sitepoint.com, 1
adzerk.s3.amazonaws.com, 1
affiliate.offgamers.com, 1
affiliate.travelnow.com, 1
assets1.exgfnetwork.com, 1
attractiveafternoon.com, 1
banner.casinodelrio.com, 1
banner.goldenpalace.com, 1
banner.inyourpocket.com, 1
banners.direction-x.com, 1
banners.linkbuddies.com, 1
channelintelligence.com, 1
contadores.miarroba.com, 1
creafi-online-media.com, 1
creatives.as4x.tmcs.net, 1
dispensablestranger.com, 1
dmtracking2.alibaba.com, 1
e-debtconsolidation.com, 1
futuristicapparatus.com, 1
impossibleexpansion.com, 1
interactive.forthnet.gr, 1
marketing.osijek031.com, 1
nondescriptstocking.com, 1
oascentral.register.com, 1
opentag-stats.qubit.com, 1
performancerevenues.com, 1
promotion-campaigns.com, 1
screechingfurniture.com, 1
sensismediasmart.com.au, 1
servedby-buysellads.com, 1
services.hearstmags.com, 1
spinbox.techtracker.com, 1
werbung.meteoxpress.com, 1
ad-server.gulasidorna.se, 1
adexchangeprediction.com, 1
adnetworkperformance.com, 1
adrotic.girlonthenet.com, 1
ads.affiliates.match.com, 1
ads.asiafriendfinder.com, 1
ads.casumoaffiliates.com, 1
ads.creative-serving.com, 1
ads.fasttrack-ignite.com, 1
ads.financialcontent.com, 1
ads.lesbianpersonals.com, 1
ads.networksolutions.com, 1
ads.quasaraffiliates.com, 1
ads.toplayaffiliates.com, 1
ads.totallyfreestuff.com, 1
ads.verticalresponse.com, 1
ads.whoishostingthis.com, 1
ads2004.treiberupdate.de, 1
adsatt.espn.starwave.com, 1
adserver.hardsextube.com, 1
adserver.nydailynews.com, 1
adserver.oddschecker.com, 1
adserver.portugalmail.pt, 1
adserver.virginmedia.com, 1
affiliates.streamray.com, 1
affiliates.thinkhost.net, 1
banners.friendfinder.com, 1
banners.resultonline.com, 1
banners.thomsonlocal.com, 1
banners.virtuagirlhd.com, 1
banners.wunderground.com, 1
barnesandnoble.bfast.com, 1
click.absoluteagency.com, 1
creatives.livejasmin.com, 1
exchangeclicksonline.com, 1
hitcounters.miarroba.com, 1
inquisitiveinvention.com, 1
metrics.windowsitpro.com, 1
openads.friendfinder.com, 1
openx.angelsgroup.org.uk, 1
record.bonniergaming.com, 1
sc-analytics.appspot.com, 1
siteimproveanalytics.com, 1
subscribe.hearstmags.com, 1
top100-images.rambler.ru, 1
touchclarity.natwest.com, 1
veille-referencement.com, 1
adimages.omroepzeeland.nl, 1
admanager.btopenworld.com, 1
ads.adultfriendfinder.com, 1
ads.affiliates-spinit.com, 1
ads.desmoinesregister.com, 1
ads.thrillsaffiliates.com, 1
adserver.friendfinder.com, 1
adserver.omroepzeeland.nl, 1
adserver.portalofevil.com, 1
adserver.portugalmail.net, 1
affiliate.1800flowers.com, 1
affiliates.allposters.com, 1
affiliates.rozetka.com.ua, 1
banner.buempliz-online.ch, 1
bannergrabber.internet.gr, 1
banners.clubseventeen.com, 1
calculatingtoothbrush.com, 1
cbanners.virtuagirlhd.com, 1
encouragingwilderness.com, 1
facilitategrandfather.com, 1
gbanners.hornymatches.com, 1
hit.webcentre.lycos.co.uk, 1
hurricanedigitalmedia.com, 1
oxen.hillcountrytexas.com, 1
pixel.adsafeprotected.com, 1
scintillatingscissors.com, 1
staticads.btopenworld.com, 1
stats.merriam-webster.com, 1
tracker-pm2.spilleren.com, 1
wdads.sx.atl.publicus.com, 1
webtrends.telegraph.co.uk, 1
ad.sensismediasmart.com.au, 1
ads.jewishfriendfinder.com, 1
ads.nationalgeographic.com, 1
ads.olivebrandresponse.com, 1
ads.seniorfriendfinder.com, 1
ads2.net-communities.co.uk, 1
adsensecustomsearchads.com, 1
adservinginternational.com, 1
afftracking.justanswer.com, 1
app-analytics.snapchat.com, 1
banner.cotedazurpalace.com, 1
banners.isoftmarketing.com, 1
bullseye.backbeatmedia.com, 1
clickhereforcellphones.com, 1
entrecard.s3.amazonaws.com, 1
herbalaffiliateprogram.com, 1
hostedads.realitykings.com, 1
images-pw.secureserver.net, 1
imgpromo.easyrencontre.com, 1
mackeeperapp.mackeeper.com, 1
oascentral.fortunecity.com, 1
pixel.condenastdigital.com, 1
spinbox.versiontracker.com, 1
sponsors.thoughtsmedia.com, 1
stats.mirrorfootball.co.uk, 1
tracking.crunchiemedia.com, 1
tracking.internetstores.de, 1
visit.webhosting.yahoo.com, 1
ad01.mediacorpsingapore.com, 1
ads.guardianunlimited.co.uk, 1
Adsatt.ABCNews.starwave.com, 1
adserver1.backbeatmedia.com, 1
adsystem.simplemachines.org, 1
affiliates.digitalriver.com, 1
affiliates.ultrahosting.com, 1
banner.ambercoastcasino.com, 1
bannieres.acces-contenu.com, 1
copyrightaccesscontrols.com, 1
engine.espace.netavenir.com, 1
fastclick.com.edgesuite.net, 1
game-advertising-online.com, 1
metrics.consumerreports.org, 1
oascentral.businessweek.com, 1
optimize-stats.voxmedia.com, 1
phpadsnew.new.natuurpark.nl, 1
statm.the-adult-company.com, 1
adjuggler.yourdictionary.com, 1
adserver.sharewareonline.com, 1
banners.asiafriendfinder.com, 1
campaign.bharatmatrimony.com, 1
commindo-media-ressourcen.de, 1
digital-ads.s3.amazonaws.com, 1
liquidad.narrowcastmedia.com, 1
marketing.hearstmagazines.nl, 1
marketingsolutions.yahoo.com, 1
video-stats.video.google.com, 1
adserve.ams.rhythmxchange.com, 1
adserver.hardwareanalysis.com, 1
advertisementafterthought.com, 1
banners.adultfriendfinder.com, 1
ceskydomov.alias.ngs.modry.cz, 1
hollandbusinessadvertising.nl, 1
kmpiframe.keepmeposted.com.mt, 1
media-adrunner.mycomputer.com, 1
otto-images.developershed.com, 1
yab-adimages.s3.amazonaws.com, 1
securepubads.g.doubleclick.net, 1
ads.as4x.tmcs.ticketmaster.com, 1
adserver.adultfriendfinder.com, 1
adserver.flossiemediagroup.com, 1
affiliate.doubleyourdating.com, 1
e-adimages.scrippsnetworks.com, 1
oascentral.chicagobusiness.com, 1
adserver1.ogilvy-interactive.de, 1
bannershotlink.perfectgonzo.com, 1
clientmetrics-pa.googleapis.com, 1
geobanner.adultfriendfinder.com, 1
phoenix-adrunner.mycomputer.com, 1
webmaster-partnerprogramme24.de, 1
wintricksbanner.googlepages.com, 1
adserver.irishwebmasterforum.com, 1
affiliates.internationaljock.com, 1
alexa-sitestats.s3.amazonaws.com, 1
mediaserver.bwinpartypartners.it, 1
ads.ak.facebook.com.edgesuite.net, 1
experianmarketingservices.digital, 1
neocounter.neoworx-blog-tools.net, 1
www-google-analytics.l.google.com, 1
adserver1-images.backbeatmedia.com, 1
record.affiliates.karjalakasino.com, 1
data.namesakeoscilloscopemarquis.com, 1
